P1 case_001: predicted=CONTINUE expected=CONTINUE error=None
P1 case_002: predicted=CONTINUE expected=CONTINUE error=None
P1 case_003: predicted=NEW expected=NEW error=None
P1 case_004: predicted=CONTINUE expected=CONTINUE error=None
P1 case_005: predicted=NEW expected=NEW error=None
P1 case_006: predicted=CONTINUE expected=CONTINUE error=None
P1 case_007: predicted=NEW expected=NEW error=None
P1 case_008: predicted=CONTINUE expected=CONTINUE error=None
P1 case_009: predicted=NEW expected=NEW error=None
P1 case_010: predicted=CONTINUE expected=CONTINUE error=None
P1 case_011: predicted=NEW expected=NEW error=None
P1 case_012: predicted=CONTINUE expected=CONTINUE error=None
P1 case_013: predicted=NEW expected=CONTINUE error=None
P1 case_014: predicted=NEW expected=NEW error=None
P1 case_015: predicted=CONTINUE expected=CONTINUE error=None
P1 case_016: predicted=NEW expected=NEW error=None
P1 case_017: predicted=CONTINUE expected=CONTINUE error=None
P1 case_018: predicted=NEW expected=NEW error=None
P1 case_019: predicted=CONTINUE expected=CONTINUE error=None
P1 case_020: predicted=CONTINUE expected=NEW error=None
P1 case_021: predicted=NEW expected=NEW error=None
P1 case_022: predicted=NEW expected=NEW error=None
P1 case_023: predicted=CONTINUE expected=CONTINUE error=None
P1 case_024: predicted=NEW expected=NEW error=None
P1 case_025: predicted=CONTINUE expected=CONTINUE error=None
P1 case_026: predicted=NEW expected=NEW error=None
P1 case_027: predicted=NEW expected=CONTINUE error=None
P1 case_028: predicted=NEW expected=NEW error=None
P1 case_029: predicted=CONTINUE expected=CONTINUE error=None
P1 case_030: predicted=NEW expected=NEW error=None
P2 case_001: predicted=CONTINUE expected=CONTINUE error=None
P2 case_002: predicted=CONTINUE expected=CONTINUE error=None
P2 case_003: predicted=NEW expected=NEW error=None
P2 case_004: predicted=CONTINUE expected=CONTINUE error=None
P2 case_005: predicted=NEW expected=NEW error=None
P2 case_006: predicted=CONTINUE expected=CONTINUE error=None
P2 case_007: predicted=NEW expected=NEW error=None
P2 case_008: predicted=CONTINUE expected=CONTINUE error=None
P2 case_009: predicted=NEW expected=NEW error=None
P2 case_010: predicted=NEW expected=CONTINUE error=None
P2 case_011: predicted=NEW expected=NEW error=None
P2 case_012: predicted=CONTINUE expected=CONTINUE error=None
P2 case_013: predicted=NEW expected=CONTINUE error=None
P2 case_014: predicted=NEW expected=NEW error=None
P2 case_015: predicted=CONTINUE expected=CONTINUE error=None
P2 case_016: predicted=NEW expected=NEW error=None
P2 case_017: predicted=CONTINUE expected=CONTINUE error=None
P2 case_018: predicted=NEW expected=NEW error=None
P2 case_019: predicted=CONTINUE expected=CONTINUE error=None
P2 case_020: predicted=CONTINUE expected=NEW error=None
P2 case_021: predicted=NEW expected=NEW error=None
P2 case_022: predicted=NEW expected=NEW error=None
P2 case_023: predicted=CONTINUE expected=CONTINUE error=None
P2 case_024: predicted=NEW expected=NEW error=None
P2 case_025: predicted=CONTINUE expected=CONTINUE error=None
P2 case_026: predicted=NEW expected=NEW error=None
P2 case_027: predicted=CONTINUE expected=CONTINUE error=None
P2 case_028: predicted=NEW expected=NEW error=None
P2 case_029: predicted=CONTINUE expected=CONTINUE error=None
P2 case_030: predicted=NEW expected=NEW error=None
P1: accuracy=27/30, mean_latency=11.313910s
P2: accuracy=27/30, mean_latency=11.207696s
